// Jest Snapshot v1, https://goo.gl/fbAQLP

exports[`Pharmacy - Golden Master should execute all possible conditional branches 1`] = `
[
  "Doliprane | Init Exp:-1 Ben:0 | Day 1 -> Exp:-2 Ben:0",
  "Doliprane | Init Exp:-1 Ben:0 | Day 2 -> Exp:-3 Ben:0",
  "Doliprane | Init Exp:-1 Ben:0 | Day 3 -> Exp:-4 Ben:0",
  "Doliprane | Init Exp:-1 Ben:1 | Day 1 -> Exp:-2 Ben:0",
  "Doliprane | Init Exp:-1 Ben:1 | Day 2 -> Exp:-3 Ben:0",
  "Doliprane | Init Exp:-1 Ben:1 | Day 3 -> Exp:-4 Ben:0",
  "Doliprane | Init Exp:-1 Ben:48 | Day 1 -> Exp:-2 Ben:46",
  "Doliprane | Init Exp:-1 Ben:48 | Day 2 -> Exp:-3 Ben:44",
  "Doliprane | Init Exp:-1 Ben:48 | Day 3 -> Exp:-4 Ben:42",
  "Doliprane | Init Exp:-1 Ben:49 | Day 1 -> Exp:-2 Ben:47",
  "Doliprane | Init Exp:-1 Ben:49 | Day 2 -> Exp:-3 Ben:45",
  "Doliprane | Init Exp:-1 Ben:49 | Day 3 -> Exp:-4 Ben:43",
  "Doliprane | Init Exp:-1 Ben:50 | Day 1 -> Exp:-2 Ben:48",
  "Doliprane | Init Exp:-1 Ben:50 | Day 2 -> Exp:-3 Ben:46",
  "Doliprane | Init Exp:-1 Ben:50 | Day 3 -> Exp:-4 Ben:44",
  "Doliprane | Init Exp:0 Ben:0 | Day 1 -> Exp:-1 Ben:0",
  "Doliprane | Init Exp:0 Ben:0 | Day 2 -> Exp:-2 Ben:0",
  "Doliprane | Init Exp:0 Ben:0 | Day 3 -> Exp:-3 Ben:0",
  "Doliprane | Init Exp:0 Ben:1 | Day 1 -> Exp:-1 Ben:0",
  "Doliprane | Init Exp:0 Ben:1 | Day 2 -> Exp:-2 Ben:0",
  "Doliprane | Init Exp:0 Ben:1 | Day 3 -> Exp:-3 Ben:0",
  "Doliprane | Init Exp:0 Ben:48 | Day 1 -> Exp:-1 Ben:46",
  "Doliprane | Init Exp:0 Ben:48 | Day 2 -> Exp:-2 Ben:44",
  "Doliprane | Init Exp:0 Ben:48 | Day 3 -> Exp:-3 Ben:42",
  "Doliprane | Init Exp:0 Ben:49 | Day 1 -> Exp:-1 Ben:47",
  "Doliprane | Init Exp:0 Ben:49 | Day 2 -> Exp:-2 Ben:45",
  "Doliprane | Init Exp:0 Ben:49 | Day 3 -> Exp:-3 Ben:43",
  "Doliprane | Init Exp:0 Ben:50 | Day 1 -> Exp:-1 Ben:48",
  "Doliprane | Init Exp:0 Ben:50 | Day 2 -> Exp:-2 Ben:46",
  "Doliprane | Init Exp:0 Ben:50 | Day 3 -> Exp:-3 Ben:44",
  "Doliprane | Init Exp:1 Ben:0 | Day 1 -> Exp:0 Ben:0",
  "Doliprane | Init Exp:1 Ben:0 | Day 2 -> Exp:-1 Ben:0",
  "Doliprane | Init Exp:1 Ben:0 | Day 3 -> Exp:-2 Ben:0",
  "Doliprane | Init Exp:1 Ben:1 | Day 1 -> Exp:0 Ben:0",
  "Doliprane | Init Exp:1 Ben:1 | Day 2 -> Exp:-1 Ben:0",
  "Doliprane | Init Exp:1 Ben:1 | Day 3 -> Exp:-2 Ben:0",
  "Doliprane | Init Exp:1 Ben:48 | Day 1 -> Exp:0 Ben:47",
  "Doliprane | Init Exp:1 Ben:48 | Day 2 -> Exp:-1 Ben:45",
  "Doliprane | Init Exp:1 Ben:48 | Day 3 -> Exp:-2 Ben:43",
  "Doliprane | Init Exp:1 Ben:49 | Day 1 -> Exp:0 Ben:48",
  "Doliprane | Init Exp:1 Ben:49 | Day 2 -> Exp:-1 Ben:46",
  "Doliprane | Init Exp:1 Ben:49 | Day 3 -> Exp:-2 Ben:44",
  "Doliprane | Init Exp:1 Ben:50 | Day 1 -> Exp:0 Ben:49",
  "Doliprane | Init Exp:1 Ben:50 | Day 2 -> Exp:-1 Ben:47",
  "Doliprane | Init Exp:1 Ben:50 | Day 3 -> Exp:-2 Ben:45",
  "Doliprane | Init Exp:5 Ben:0 | Day 1 -> Exp:4 Ben:0",
  "Doliprane | Init Exp:5 Ben:0 | Day 2 -> Exp:3 Ben:0",
  "Doliprane | Init Exp:5 Ben:0 | Day 3 -> Exp:2 Ben:0",
  "Doliprane | Init Exp:5 Ben:1 | Day 1 -> Exp:4 Ben:0",
  "Doliprane | Init Exp:5 Ben:1 | Day 2 -> Exp:3 Ben:0",
  "Doliprane | Init Exp:5 Ben:1 | Day 3 -> Exp:2 Ben:0",
  "Doliprane | Init Exp:5 Ben:48 | Day 1 -> Exp:4 Ben:47",
  "Doliprane | Init Exp:5 Ben:48 | Day 2 -> Exp:3 Ben:46",
  "Doliprane | Init Exp:5 Ben:48 | Day 3 -> Exp:2 Ben:45",
  "Doliprane | Init Exp:5 Ben:49 | Day 1 -> Exp:4 Ben:48",
  "Doliprane | Init Exp:5 Ben:49 | Day 2 -> Exp:3 Ben:47",
  "Doliprane | Init Exp:5 Ben:49 | Day 3 -> Exp:2 Ben:46",
  "Doliprane | Init Exp:5 Ben:50 | Day 1 -> Exp:4 Ben:49",
  "Doliprane | Init Exp:5 Ben:50 | Day 2 -> Exp:3 Ben:48",
  "Doliprane | Init Exp:5 Ben:50 | Day 3 -> Exp:2 Ben:47",
  "Doliprane | Init Exp:6 Ben:0 | Day 1 -> Exp:5 Ben:0",
  "Doliprane | Init Exp:6 Ben:0 | Day 2 -> Exp:4 Ben:0",
  "Doliprane | Init Exp:6 Ben:0 | Day 3 -> Exp:3 Ben:0",
  "Doliprane | Init Exp:6 Ben:1 | Day 1 -> Exp:5 Ben:0",
  "Doliprane | Init Exp:6 Ben:1 | Day 2 -> Exp:4 Ben:0",
  "Doliprane | Init Exp:6 Ben:1 | Day 3 -> Exp:3 Ben:0",
  "Doliprane | Init Exp:6 Ben:48 | Day 1 -> Exp:5 Ben:47",
  "Doliprane | Init Exp:6 Ben:48 | Day 2 -> Exp:4 Ben:46",
  "Doliprane | Init Exp:6 Ben:48 | Day 3 -> Exp:3 Ben:45",
  "Doliprane | Init Exp:6 Ben:49 | Day 1 -> Exp:5 Ben:48",
  "Doliprane | Init Exp:6 Ben:49 | Day 2 -> Exp:4 Ben:47",
  "Doliprane | Init Exp:6 Ben:49 | Day 3 -> Exp:3 Ben:46",
  "Doliprane | Init Exp:6 Ben:50 | Day 1 -> Exp:5 Ben:49",
  "Doliprane | Init Exp:6 Ben:50 | Day 2 -> Exp:4 Ben:48",
  "Doliprane | Init Exp:6 Ben:50 | Day 3 -> Exp:3 Ben:47",
  "Doliprane | Init Exp:10 Ben:0 | Day 1 -> Exp:9 Ben:0",
  "Doliprane | Init Exp:10 Ben:0 | Day 2 -> Exp:8 Ben:0",
  "Doliprane | Init Exp:10 Ben:0 | Day 3 -> Exp:7 Ben:0",
  "Doliprane | Init Exp:10 Ben:1 | Day 1 -> Exp:9 Ben:0",
  "Doliprane | Init Exp:10 Ben:1 | Day 2 -> Exp:8 Ben:0",
  "Doliprane | Init Exp:10 Ben:1 | Day 3 -> Exp:7 Ben:0",
  "Doliprane | Init Exp:10 Ben:48 | Day 1 -> Exp:9 Ben:47",
  "Doliprane | Init Exp:10 Ben:48 | Day 2 -> Exp:8 Ben:46",
  "Doliprane | Init Exp:10 Ben:48 | Day 3 -> Exp:7 Ben:45",
  "Doliprane | Init Exp:10 Ben:49 | Day 1 -> Exp:9 Ben:48",
  "Doliprane | Init Exp:10 Ben:49 | Day 2 -> Exp:8 Ben:47",
  "Doliprane | Init Exp:10 Ben:49 | Day 3 -> Exp:7 Ben:46",
  "Doliprane | Init Exp:10 Ben:50 | Day 1 -> Exp:9 Ben:49",
  "Doliprane | Init Exp:10 Ben:50 | Day 2 -> Exp:8 Ben:48",
  "Doliprane | Init Exp:10 Ben:50 | Day 3 -> Exp:7 Ben:47",
  "Doliprane | Init Exp:11 Ben:0 | Day 1 -> Exp:10 Ben:0",
  "Doliprane | Init Exp:11 Ben:0 | Day 2 -> Exp:9 Ben:0",
  "Doliprane | Init Exp:11 Ben:0 | Day 3 -> Exp:8 Ben:0",
  "Doliprane | Init Exp:11 Ben:1 | Day 1 -> Exp:10 Ben:0",
  "Doliprane | Init Exp:11 Ben:1 | Day 2 -> Exp:9 Ben:0",
  "Doliprane | Init Exp:11 Ben:1 | Day 3 -> Exp:8 Ben:0",
  "Doliprane | Init Exp:11 Ben:48 | Day 1 -> Exp:10 Ben:47",
  "Doliprane | Init Exp:11 Ben:48 | Day 2 -> Exp:9 Ben:46",
  "Doliprane | Init Exp:11 Ben:48 | Day 3 -> Exp:8 Ben:45",
  "Doliprane | Init Exp:11 Ben:49 | Day 1 -> Exp:10 Ben:48",
  "Doliprane | Init Exp:11 Ben:49 | Day 2 -> Exp:9 Ben:47",
  "Doliprane | Init Exp:11 Ben:49 | Day 3 -> Exp:8 Ben:46",
  "Doliprane | Init Exp:11 Ben:50 | Day 1 -> Exp:10 Ben:49",
  "Doliprane | Init Exp:11 Ben:50 | Day 2 -> Exp:9 Ben:48",
  "Doliprane | Init Exp:11 Ben:50 | Day 3 -> Exp:8 Ben:47",
  "Doliprane | Init Exp:15 Ben:0 | Day 1 -> Exp:14 Ben:0",
  "Doliprane | Init Exp:15 Ben:0 | Day 2 -> Exp:13 Ben:0",
  "Doliprane | Init Exp:15 Ben:0 | Day 3 -> Exp:12 Ben:0",
  "Doliprane | Init Exp:15 Ben:1 | Day 1 -> Exp:14 Ben:0",
  "Doliprane | Init Exp:15 Ben:1 | Day 2 -> Exp:13 Ben:0",
  "Doliprane | Init Exp:15 Ben:1 | Day 3 -> Exp:12 Ben:0",
  "Doliprane | Init Exp:15 Ben:48 | Day 1 -> Exp:14 Ben:47",
  "Doliprane | Init Exp:15 Ben:48 | Day 2 -> Exp:13 Ben:46",
  "Doliprane | Init Exp:15 Ben:48 | Day 3 -> Exp:12 Ben:45",
  "Doliprane | Init Exp:15 Ben:49 | Day 1 -> Exp:14 Ben:48",
  "Doliprane | Init Exp:15 Ben:49 | Day 2 -> Exp:13 Ben:47",
  "Doliprane | Init Exp:15 Ben:49 | Day 3 -> Exp:12 Ben:46",
  "Doliprane | Init Exp:15 Ben:50 | Day 1 -> Exp:14 Ben:49",
  "Doliprane | Init Exp:15 Ben:50 | Day 2 -> Exp:13 Ben:48",
  "Doliprane | Init Exp:15 Ben:50 | Day 3 -> Exp:12 Ben:47",
  "Herbal Tea | Init Exp:-1 Ben:0 | Day 1 -> Exp:-2 Ben:2",
  "Herbal Tea | Init Exp:-1 Ben:0 | Day 2 -> Exp:-3 Ben:4",
  "Herbal Tea | Init Exp:-1 Ben:0 | Day 3 -> Exp:-4 Ben:6",
  "Herbal Tea | Init Exp:-1 Ben:1 | Day 1 -> Exp:-2 Ben:3",
  "Herbal Tea | Init Exp:-1 Ben:1 | Day 2 -> Exp:-3 Ben:5",
  "Herbal Tea | Init Exp:-1 Ben:1 | Day 3 -> Exp:-4 Ben:7",
  "Herbal Tea | Init Exp:-1 Ben:48 | Day 1 -> Exp:-2 Ben:50",
  "Herbal Tea | Init Exp:-1 Ben:48 | Day 2 -> Exp:-3 Ben:50",
  "Herbal Tea | Init Exp:-1 Ben:48 | Day 3 -> Exp:-4 Ben:50",
  "Herbal Tea | Init Exp:-1 Ben:49 | Day 1 -> Exp:-2 Ben:50",
  "Herbal Tea | Init Exp:-1 Ben:49 | Day 2 -> Exp:-3 Ben:50",
  "Herbal Tea | Init Exp:-1 Ben:49 | Day 3 -> Exp:-4 Ben:50",
  "Herbal Tea | Init Exp:-1 Ben:50 | Day 1 -> Exp:-2 Ben:50",
  "Herbal Tea | Init Exp:-1 Ben:50 | Day 2 -> Exp:-3 Ben:50",
  "Herbal Tea | Init Exp:-1 Ben:50 | Day 3 -> Exp:-4 Ben:50",
  "Herbal Tea | Init Exp:0 Ben:0 | Day 1 -> Exp:-1 Ben:2",
  "Herbal Tea | Init Exp:0 Ben:0 | Day 2 -> Exp:-2 Ben:4",
  "Herbal Tea | Init Exp:0 Ben:0 | Day 3 -> Exp:-3 Ben:6",
  "Herbal Tea | Init Exp:0 Ben:1 | Day 1 -> Exp:-1 Ben:3",
  "Herbal Tea | Init Exp:0 Ben:1 | Day 2 -> Exp:-2 Ben:5",
  "Herbal Tea | Init Exp:0 Ben:1 | Day 3 -> Exp:-3 Ben:7",
  "Herbal Tea | Init Exp:0 Ben:48 | Day 1 -> Exp:-1 Ben:50",
  "Herbal Tea | Init Exp:0 Ben:48 | Day 2 -> Exp:-2 Ben:50",
  "Herbal Tea | Init Exp:0 Ben:48 | Day 3 -> Exp:-3 Ben:50",
  "Herbal Tea | Init Exp:0 Ben:49 | Day 1 -> Exp:-1 Ben:50",
  "Herbal Tea | Init Exp:0 Ben:49 | Day 2 -> Exp:-2 Ben:50",
  "Herbal Tea | Init Exp:0 Ben:49 | Day 3 -> Exp:-3 Ben:50",
  "Herbal Tea | Init Exp:0 Ben:50 | Day 1 -> Exp:-1 Ben:50",
  "Herbal Tea | Init Exp:0 Ben:50 | Day 2 -> Exp:-2 Ben:50",
  "Herbal Tea | Init Exp:0 Ben:50 | Day 3 -> Exp:-3 Ben:50",
  "Herbal Tea | Init Exp:1 Ben:0 | Day 1 -> Exp:0 Ben:1",
  "Herbal Tea | Init Exp:1 Ben:0 | Day 2 -> Exp:-1 Ben:3",
  "Herbal Tea | Init Exp:1 Ben:0 | Day 3 -> Exp:-2 Ben:5",
  "Herbal Tea | Init Exp:1 Ben:1 | Day 1 -> Exp:0 Ben:2",
  "Herbal Tea | Init Exp:1 Ben:1 | Day 2 -> Exp:-1 Ben:4",
  "Herbal Tea | Init Exp:1 Ben:1 | Day 3 -> Exp:-2 Ben:6",
  "Herbal Tea | Init Exp:1 Ben:48 | Day 1 -> Exp:0 Ben:49",
  "Herbal Tea | Init Exp:1 Ben:48 | Day 2 -> Exp:-1 Ben:50",
  "Herbal Tea | Init Exp:1 Ben:48 | Day 3 -> Exp:-2 Ben:50",
  "Herbal Tea | Init Exp:1 Ben:49 | Day 1 -> Exp:0 Ben:50",
  "Herbal Tea | Init Exp:1 Ben:49 | Day 2 -> Exp:-1 Ben:50",
  "Herbal Tea | Init Exp:1 Ben:49 | Day 3 -> Exp:-2 Ben:50",
  "Herbal Tea | Init Exp:1 Ben:50 | Day 1 -> Exp:0 Ben:50",
  "Herbal Tea | Init Exp:1 Ben:50 | Day 2 -> Exp:-1 Ben:50",
  "Herbal Tea | Init Exp:1 Ben:50 | Day 3 -> Exp:-2 Ben:50",
  "Herbal Tea | Init Exp:5 Ben:0 | Day 1 -> Exp:4 Ben:1",
  "Herbal Tea | Init Exp:5 Ben:0 | Day 2 -> Exp:3 Ben:2",
  "Herbal Tea | Init Exp:5 Ben:0 | Day 3 -> Exp:2 Ben:3",
  "Herbal Tea | Init Exp:5 Ben:1 | Day 1 -> Exp:4 Ben:2",
  "Herbal Tea | Init Exp:5 Ben:1 | Day 2 -> Exp:3 Ben:3",
  "Herbal Tea | Init Exp:5 Ben:1 | Day 3 -> Exp:2 Ben:4",
  "Herbal Tea | Init Exp:5 Ben:48 | Day 1 -> Exp:4 Ben:49",
  "Herbal Tea | Init Exp:5 Ben:48 | Day 2 -> Exp:3 Ben:50",
  "Herbal Tea | Init Exp:5 Ben:48 | Day 3 -> Exp:2 Ben:50",
  "Herbal Tea | Init Exp:5 Ben:49 | Day 1 -> Exp:4 Ben:50",
  "Herbal Tea | Init Exp:5 Ben:49 | Day 2 -> Exp:3 Ben:50",
  "Herbal Tea | Init Exp:5 Ben:49 | Day 3 -> Exp:2 Ben:50",
  "Herbal Tea | Init Exp:5 Ben:50 | Day 1 -> Exp:4 Ben:50",
  "Herbal Tea | Init Exp:5 Ben:50 | Day 2 -> Exp:3 Ben:50",
  "Herbal Tea | Init Exp:5 Ben:50 | Day 3 -> Exp:2 Ben:50",
  "Herbal Tea | Init Exp:6 Ben:0 | Day 1 -> Exp:5 Ben:1",
  "Herbal Tea | Init Exp:6 Ben:0 | Day 2 -> Exp:4 Ben:2",
  "Herbal Tea | Init Exp:6 Ben:0 | Day 3 -> Exp:3 Ben:3",
  "Herbal Tea | Init Exp:6 Ben:1 | Day 1 -> Exp:5 Ben:2",
  "Herbal Tea | Init Exp:6 Ben:1 | Day 2 -> Exp:4 Ben:3",
  "Herbal Tea | Init Exp:6 Ben:1 | Day 3 -> Exp:3 Ben:4",
  "Herbal Tea | Init Exp:6 Ben:48 | Day 1 -> Exp:5 Ben:49",
  "Herbal Tea | Init Exp:6 Ben:48 | Day 2 -> Exp:4 Ben:50",
  "Herbal Tea | Init Exp:6 Ben:48 | Day 3 -> Exp:3 Ben:50",
  "Herbal Tea | Init Exp:6 Ben:49 | Day 1 -> Exp:5 Ben:50",
  "Herbal Tea | Init Exp:6 Ben:49 | Day 2 -> Exp:4 Ben:50",
  "Herbal Tea | Init Exp:6 Ben:49 | Day 3 -> Exp:3 Ben:50",
  "Herbal Tea | Init Exp:6 Ben:50 | Day 1 -> Exp:5 Ben:50",
  "Herbal Tea | Init Exp:6 Ben:50 | Day 2 -> Exp:4 Ben:50",
  "Herbal Tea | Init Exp:6 Ben:50 | Day 3 -> Exp:3 Ben:50",
  "Herbal Tea | Init Exp:10 Ben:0 | Day 1 -> Exp:9 Ben:1",
  "Herbal Tea | Init Exp:10 Ben:0 | Day 2 -> Exp:8 Ben:2",
  "Herbal Tea | Init Exp:10 Ben:0 | Day 3 -> Exp:7 Ben:3",
  "Herbal Tea | Init Exp:10 Ben:1 | Day 1 -> Exp:9 Ben:2",
  "Herbal Tea | Init Exp:10 Ben:1 | Day 2 -> Exp:8 Ben:3",
  "Herbal Tea | Init Exp:10 Ben:1 | Day 3 -> Exp:7 Ben:4",
  "Herbal Tea | Init Exp:10 Ben:48 | Day 1 -> Exp:9 Ben:49",
  "Herbal Tea | Init Exp:10 Ben:48 | Day 2 -> Exp:8 Ben:50",
  "Herbal Tea | Init Exp:10 Ben:48 | Day 3 -> Exp:7 Ben:50",
  "Herbal Tea | Init Exp:10 Ben:49 | Day 1 -> Exp:9 Ben:50",
  "Herbal Tea | Init Exp:10 Ben:49 | Day 2 -> Exp:8 Ben:50",
  "Herbal Tea | Init Exp:10 Ben:49 | Day 3 -> Exp:7 Ben:50",
  "Herbal Tea | Init Exp:10 Ben:50 | Day 1 -> Exp:9 Ben:50",
  "Herbal Tea | Init Exp:10 Ben:50 | Day 2 -> Exp:8 Ben:50",
  "Herbal Tea | Init Exp:10 Ben:50 | Day 3 -> Exp:7 Ben:50",
  "Herbal Tea | Init Exp:11 Ben:0 | Day 1 -> Exp:10 Ben:1",
  "Herbal Tea | Init Exp:11 Ben:0 | Day 2 -> Exp:9 Ben:2",
  "Herbal Tea | Init Exp:11 Ben:0 | Day 3 -> Exp:8 Ben:3",
  "Herbal Tea | Init Exp:11 Ben:1 | Day 1 -> Exp:10 Ben:2",
  "Herbal Tea | Init Exp:11 Ben:1 | Day 2 -> Exp:9 Ben:3",
  "Herbal Tea | Init Exp:11 Ben:1 | Day 3 -> Exp:8 Ben:4",
  "Herbal Tea | Init Exp:11 Ben:48 | Day 1 -> Exp:10 Ben:49",
  "Herbal Tea | Init Exp:11 Ben:48 | Day 2 -> Exp:9 Ben:50",
  "Herbal Tea | Init Exp:11 Ben:48 | Day 3 -> Exp:8 Ben:50",
  "Herbal Tea | Init Exp:11 Ben:49 | Day 1 -> Exp:10 Ben:50",
  "Herbal Tea | Init Exp:11 Ben:49 | Day 2 -> Exp:9 Ben:50",
  "Herbal Tea | Init Exp:11 Ben:49 | Day 3 -> Exp:8 Ben:50",
  "Herbal Tea | Init Exp:11 Ben:50 | Day 1 -> Exp:10 Ben:50",
  "Herbal Tea | Init Exp:11 Ben:50 | Day 2 -> Exp:9 Ben:50",
  "Herbal Tea | Init Exp:11 Ben:50 | Day 3 -> Exp:8 Ben:50",
  "Herbal Tea | Init Exp:15 Ben:0 | Day 1 -> Exp:14 Ben:1",
  "Herbal Tea | Init Exp:15 Ben:0 | Day 2 -> Exp:13 Ben:2",
  "Herbal Tea | Init Exp:15 Ben:0 | Day 3 -> Exp:12 Ben:3",
  "Herbal Tea | Init Exp:15 Ben:1 | Day 1 -> Exp:14 Ben:2",
  "Herbal Tea | Init Exp:15 Ben:1 | Day 2 -> Exp:13 Ben:3",
  "Herbal Tea | Init Exp:15 Ben:1 | Day 3 -> Exp:12 Ben:4",
  "Herbal Tea | Init Exp:15 Ben:48 | Day 1 -> Exp:14 Ben:49",
  "Herbal Tea | Init Exp:15 Ben:48 | Day 2 -> Exp:13 Ben:50",
  "Herbal Tea | Init Exp:15 Ben:48 | Day 3 -> Exp:12 Ben:50",
  "Herbal Tea | Init Exp:15 Ben:49 | Day 1 -> Exp:14 Ben:50",
  "Herbal Tea | Init Exp:15 Ben:49 | Day 2 -> Exp:13 Ben:50",
  "Herbal Tea | Init Exp:15 Ben:49 | Day 3 -> Exp:12 Ben:50",
  "Herbal Tea | Init Exp:15 Ben:50 | Day 1 -> Exp:14 Ben:50",
  "Herbal Tea | Init Exp:15 Ben:50 | Day 2 -> Exp:13 Ben:50",
  "Herbal Tea | Init Exp:15 Ben:50 | Day 3 -> Exp:12 Ben:50",
  "Fervex | Init Exp:-1 Ben:0 | Day 1 -> Exp:-2 Ben:0",
  "Fervex | Init Exp:-1 Ben:0 | Day 2 -> Exp:-3 Ben:0",
  "Fervex | Init Exp:-1 Ben:0 | Day 3 -> Exp:-4 Ben:0",
  "Fervex | Init Exp:-1 Ben:1 | Day 1 -> Exp:-2 Ben:0",
  "Fervex | Init Exp:-1 Ben:1 | Day 2 -> Exp:-3 Ben:0",
  "Fervex | Init Exp:-1 Ben:1 | Day 3 -> Exp:-4 Ben:0",
  "Fervex | Init Exp:-1 Ben:48 | Day 1 -> Exp:-2 Ben:0",
  "Fervex | Init Exp:-1 Ben:48 | Day 2 -> Exp:-3 Ben:0",
  "Fervex | Init Exp:-1 Ben:48 | Day 3 -> Exp:-4 Ben:0",
  "Fervex | Init Exp:-1 Ben:49 | Day 1 -> Exp:-2 Ben:0",
  "Fervex | Init Exp:-1 Ben:49 | Day 2 -> Exp:-3 Ben:0",
  "Fervex | Init Exp:-1 Ben:49 | Day 3 -> Exp:-4 Ben:0",
  "Fervex | Init Exp:-1 Ben:50 | Day 1 -> Exp:-2 Ben:0",
  "Fervex | Init Exp:-1 Ben:50 | Day 2 -> Exp:-3 Ben:0",
  "Fervex | Init Exp:-1 Ben:50 | Day 3 -> Exp:-4 Ben:0",
  "Fervex | Init Exp:0 Ben:0 | Day 1 -> Exp:-1 Ben:0",
  "Fervex | Init Exp:0 Ben:0 | Day 2 -> Exp:-2 Ben:0",
  "Fervex | Init Exp:0 Ben:0 | Day 3 -> Exp:-3 Ben:0",
  "Fervex | Init Exp:0 Ben:1 | Day 1 -> Exp:-1 Ben:0",
  "Fervex | Init Exp:0 Ben:1 | Day 2 -> Exp:-2 Ben:0",
  "Fervex | Init Exp:0 Ben:1 | Day 3 -> Exp:-3 Ben:0",
  "Fervex | Init Exp:0 Ben:48 | Day 1 -> Exp:-1 Ben:0",
  "Fervex | Init Exp:0 Ben:48 | Day 2 -> Exp:-2 Ben:0",
  "Fervex | Init Exp:0 Ben:48 | Day 3 -> Exp:-3 Ben:0",
  "Fervex | Init Exp:0 Ben:49 | Day 1 -> Exp:-1 Ben:0",
  "Fervex | Init Exp:0 Ben:49 | Day 2 -> Exp:-2 Ben:0",
  "Fervex | Init Exp:0 Ben:49 | Day 3 -> Exp:-3 Ben:0",
  "Fervex | Init Exp:0 Ben:50 | Day 1 -> Exp:-1 Ben:0",
  "Fervex | Init Exp:0 Ben:50 | Day 2 -> Exp:-2 Ben:0",
  "Fervex | Init Exp:0 Ben:50 | Day 3 -> Exp:-3 Ben:0",
  "Fervex | Init Exp:1 Ben:0 | Day 1 -> Exp:0 Ben:3",
  "Fervex | Init Exp:1 Ben:0 | Day 2 -> Exp:-1 Ben:0",
  "Fervex | Init Exp:1 Ben:0 | Day 3 -> Exp:-2 Ben:0",
  "Fervex | Init Exp:1 Ben:1 | Day 1 -> Exp:0 Ben:4",
  "Fervex | Init Exp:1 Ben:1 | Day 2 -> Exp:-1 Ben:0",
  "Fervex | Init Exp:1 Ben:1 | Day 3 -> Exp:-2 Ben:0",
  "Fervex | Init Exp:1 Ben:48 | Day 1 -> Exp:0 Ben:50",
  "Fervex | Init Exp:1 Ben:48 | Day 2 -> Exp:-1 Ben:0",
  "Fervex | Init Exp:1 Ben:48 | Day 3 -> Exp:-2 Ben:0",
  "Fervex | Init Exp:1 Ben:49 | Day 1 -> Exp:0 Ben:50",
  "Fervex | Init Exp:1 Ben:49 | Day 2 -> Exp:-1 Ben:0",
  "Fervex | Init Exp:1 Ben:49 | Day 3 -> Exp:-2 Ben:0",
  "Fervex | Init Exp:1 Ben:50 | Day 1 -> Exp:0 Ben:50",
  "Fervex | Init Exp:1 Ben:50 | Day 2 -> Exp:-1 Ben:0",
  "Fervex | Init Exp:1 Ben:50 | Day 3 -> Exp:-2 Ben:0",
  "Fervex | Init Exp:5 Ben:0 | Day 1 -> Exp:4 Ben:3",
  "Fervex | Init Exp:5 Ben:0 | Day 2 -> Exp:3 Ben:6",
  "Fervex | Init Exp:5 Ben:0 | Day 3 -> Exp:2 Ben:9",
  "Fervex | Init Exp:5 Ben:1 | Day 1 -> Exp:4 Ben:4",
  "Fervex | Init Exp:5 Ben:1 | Day 2 -> Exp:3 Ben:7",
  "Fervex | Init Exp:5 Ben:1 | Day 3 -> Exp:2 Ben:10",
  "Fervex | Init Exp:5 Ben:48 | Day 1 -> Exp:4 Ben:50",
  "Fervex | Init Exp:5 Ben:48 | Day 2 -> Exp:3 Ben:50",
  "Fervex | Init Exp:5 Ben:48 | Day 3 -> Exp:2 Ben:50",
  "Fervex | Init Exp:5 Ben:49 | Day 1 -> Exp:4 Ben:50",
  "Fervex | Init Exp:5 Ben:49 | Day 2 -> Exp:3 Ben:50",
  "Fervex | Init Exp:5 Ben:49 | Day 3 -> Exp:2 Ben:50",
  "Fervex | Init Exp:5 Ben:50 | Day 1 -> Exp:4 Ben:50",
  "Fervex | Init Exp:5 Ben:50 | Day 2 -> Exp:3 Ben:50",
  "Fervex | Init Exp:5 Ben:50 | Day 3 -> Exp:2 Ben:50",
  "Fervex | Init Exp:6 Ben:0 | Day 1 -> Exp:5 Ben:2",
  "Fervex | Init Exp:6 Ben:0 | Day 2 -> Exp:4 Ben:5",
  "Fervex | Init Exp:6 Ben:0 | Day 3 -> Exp:3 Ben:8",
  "Fervex | Init Exp:6 Ben:1 | Day 1 -> Exp:5 Ben:3",
  "Fervex | Init Exp:6 Ben:1 | Day 2 -> Exp:4 Ben:6",
  "Fervex | Init Exp:6 Ben:1 | Day 3 -> Exp:3 Ben:9",
  "Fervex | Init Exp:6 Ben:48 | Day 1 -> Exp:5 Ben:50",
  "Fervex | Init Exp:6 Ben:48 | Day 2 -> Exp:4 Ben:50",
  "Fervex | Init Exp:6 Ben:48 | Day 3 -> Exp:3 Ben:50",
  "Fervex | Init Exp:6 Ben:49 | Day 1 -> Exp:5 Ben:50",
  "Fervex | Init Exp:6 Ben:49 | Day 2 -> Exp:4 Ben:50",
  "Fervex | Init Exp:6 Ben:49 | Day 3 -> Exp:3 Ben:50",
  "Fervex | Init Exp:6 Ben:50 | Day 1 -> Exp:5 Ben:50",
  "Fervex | Init Exp:6 Ben:50 | Day 2 -> Exp:4 Ben:50",
  "Fervex | Init Exp:6 Ben:50 | Day 3 -> Exp:3 Ben:50",
  "Fervex | Init Exp:10 Ben:0 | Day 1 -> Exp:9 Ben:2",
  "Fervex | Init Exp:10 Ben:0 | Day 2 -> Exp:8 Ben:4",
  "Fervex | Init Exp:10 Ben:0 | Day 3 -> Exp:7 Ben:6",
  "Fervex | Init Exp:10 Ben:1 | Day 1 -> Exp:9 Ben:3",
  "Fervex | Init Exp:10 Ben:1 | Day 2 -> Exp:8 Ben:5",
  "Fervex | Init Exp:10 Ben:1 | Day 3 -> Exp:7 Ben:7",
  "Fervex | Init Exp:10 Ben:48 | Day 1 -> Exp:9 Ben:50",
  "Fervex | Init Exp:10 Ben:48 | Day 2 -> Exp:8 Ben:50",
  "Fervex | Init Exp:10 Ben:48 | Day 3 -> Exp:7 Ben:50",
  "Fervex | Init Exp:10 Ben:49 | Day 1 -> Exp:9 Ben:50",
  "Fervex | Init Exp:10 Ben:49 | Day 2 -> Exp:8 Ben:50",
  "Fervex | Init Exp:10 Ben:49 | Day 3 -> Exp:7 Ben:50",
  "Fervex | Init Exp:10 Ben:50 | Day 1 -> Exp:9 Ben:50",
  "Fervex | Init Exp:10 Ben:50 | Day 2 -> Exp:8 Ben:50",
  "Fervex | Init Exp:10 Ben:50 | Day 3 -> Exp:7 Ben:50",
  "Fervex | Init Exp:11 Ben:0 | Day 1 -> Exp:10 Ben:1",
  "Fervex | Init Exp:11 Ben:0 | Day 2 -> Exp:9 Ben:3",
  "Fervex | Init Exp:11 Ben:0 | Day 3 -> Exp:8 Ben:5",
  "Fervex | Init Exp:11 Ben:1 | Day 1 -> Exp:10 Ben:2",
  "Fervex | Init Exp:11 Ben:1 | Day 2 -> Exp:9 Ben:4",
  "Fervex | Init Exp:11 Ben:1 | Day 3 -> Exp:8 Ben:6",
  "Fervex | Init Exp:11 Ben:48 | Day 1 -> Exp:10 Ben:49",
  "Fervex | Init Exp:11 Ben:48 | Day 2 -> Exp:9 Ben:50",
  "Fervex | Init Exp:11 Ben:48 | Day 3 -> Exp:8 Ben:50",
  "Fervex | Init Exp:11 Ben:49 | Day 1 -> Exp:10 Ben:50",
  "Fervex | Init Exp:11 Ben:49 | Day 2 -> Exp:9 Ben:50",
  "Fervex | Init Exp:11 Ben:49 | Day 3 -> Exp:8 Ben:50",
  "Fervex | Init Exp:11 Ben:50 | Day 1 -> Exp:10 Ben:50",
  "Fervex | Init Exp:11 Ben:50 | Day 2 -> Exp:9 Ben:50",
  "Fervex | Init Exp:11 Ben:50 | Day 3 -> Exp:8 Ben:50",
  "Fervex | Init Exp:15 Ben:0 | Day 1 -> Exp:14 Ben:1",
  "Fervex | Init Exp:15 Ben:0 | Day 2 -> Exp:13 Ben:2",
  "Fervex | Init Exp:15 Ben:0 | Day 3 -> Exp:12 Ben:3",
  "Fervex | Init Exp:15 Ben:1 | Day 1 -> Exp:14 Ben:2",
  "Fervex | Init Exp:15 Ben:1 | Day 2 -> Exp:13 Ben:3",
  "Fervex | Init Exp:15 Ben:1 | Day 3 -> Exp:12 Ben:4",
  "Fervex | Init Exp:15 Ben:48 | Day 1 -> Exp:14 Ben:49",
  "Fervex | Init Exp:15 Ben:48 | Day 2 -> Exp:13 Ben:50",
  "Fervex | Init Exp:15 Ben:48 | Day 3 -> Exp:12 Ben:50",
  "Fervex | Init Exp:15 Ben:49 | Day 1 -> Exp:14 Ben:50",
  "Fervex | Init Exp:15 Ben:49 | Day 2 -> Exp:13 Ben:50",
  "Fervex | Init Exp:15 Ben:49 | Day 3 -> Exp:12 Ben:50",
  "Fervex | Init Exp:15 Ben:50 | Day 1 -> Exp:14 Ben:50",
  "Fervex | Init Exp:15 Ben:50 | Day 2 -> Exp:13 Ben:50",
  "Fervex | Init Exp:15 Ben:50 | Day 3 -> Exp:12 Ben:50",
  "Magic Pill | Init Exp:-1 Ben:0 | Day 1 -> Exp:-1 Ben:0",
  "Magic Pill | Init Exp:-1 Ben:0 | Day 2 -> Exp:-1 Ben:0",
  "Magic Pill | Init Exp:-1 Ben:0 | Day 3 -> Exp:-1 Ben:0",
  "Magic Pill | Init Exp:-1 Ben:1 | Day 1 -> Exp:-1 Ben:1",
  "Magic Pill | Init Exp:-1 Ben:1 | Day 2 -> Exp:-1 Ben:1",
  "Magic Pill | Init Exp:-1 Ben:1 | Day 3 -> Exp:-1 Ben:1",
  "Magic Pill | Init Exp:-1 Ben:48 | Day 1 -> Exp:-1 Ben:48",
  "Magic Pill | Init Exp:-1 Ben:48 | Day 2 -> Exp:-1 Ben:48",
  "Magic Pill | Init Exp:-1 Ben:48 | Day 3 -> Exp:-1 Ben:48",
  "Magic Pill | Init Exp:-1 Ben:49 | Day 1 -> Exp:-1 Ben:49",
  "Magic Pill | Init Exp:-1 Ben:49 | Day 2 -> Exp:-1 Ben:49",
  "Magic Pill | Init Exp:-1 Ben:49 | Day 3 -> Exp:-1 Ben:49",
  "Magic Pill | Init Exp:-1 Ben:50 | Day 1 -> Exp:-1 Ben:50",
  "Magic Pill | Init Exp:-1 Ben:50 | Day 2 -> Exp:-1 Ben:50",
  "Magic Pill | Init Exp:-1 Ben:50 | Day 3 -> Exp:-1 Ben:50",
  "Magic Pill | Init Exp:0 Ben:0 | Day 1 -> Exp:0 Ben:0",
  "Magic Pill | Init Exp:0 Ben:0 | Day 2 -> Exp:0 Ben:0",
  "Magic Pill | Init Exp:0 Ben:0 | Day 3 -> Exp:0 Ben:0",
  "Magic Pill | Init Exp:0 Ben:1 | Day 1 -> Exp:0 Ben:1",
  "Magic Pill | Init Exp:0 Ben:1 | Day 2 -> Exp:0 Ben:1",
  "Magic Pill | Init Exp:0 Ben:1 | Day 3 -> Exp:0 Ben:1",
  "Magic Pill | Init Exp:0 Ben:48 | Day 1 -> Exp:0 Ben:48",
  "Magic Pill | Init Exp:0 Ben:48 | Day 2 -> Exp:0 Ben:48",
  "Magic Pill | Init Exp:0 Ben:48 | Day 3 -> Exp:0 Ben:48",
  "Magic Pill | Init Exp:0 Ben:49 | Day 1 -> Exp:0 Ben:49",
  "Magic Pill | Init Exp:0 Ben:49 | Day 2 -> Exp:0 Ben:49",
  "Magic Pill | Init Exp:0 Ben:49 | Day 3 -> Exp:0 Ben:49",
  "Magic Pill | Init Exp:0 Ben:50 | Day 1 -> Exp:0 Ben:50",
  "Magic Pill | Init Exp:0 Ben:50 | Day 2 -> Exp:0 Ben:50",
  "Magic Pill | Init Exp:0 Ben:50 | Day 3 -> Exp:0 Ben:50",
  "Magic Pill | Init Exp:1 Ben:0 | Day 1 -> Exp:1 Ben:0",
  "Magic Pill | Init Exp:1 Ben:0 | Day 2 -> Exp:1 Ben:0",
  "Magic Pill | Init Exp:1 Ben:0 | Day 3 -> Exp:1 Ben:0",
  "Magic Pill | Init Exp:1 Ben:1 | Day 1 -> Exp:1 Ben:1",
  "Magic Pill | Init Exp:1 Ben:1 | Day 2 -> Exp:1 Ben:1",
  "Magic Pill | Init Exp:1 Ben:1 | Day 3 -> Exp:1 Ben:1",
  "Magic Pill | Init Exp:1 Ben:48 | Day 1 -> Exp:1 Ben:48",
  "Magic Pill | Init Exp:1 Ben:48 | Day 2 -> Exp:1 Ben:48",
  "Magic Pill | Init Exp:1 Ben:48 | Day 3 -> Exp:1 Ben:48",
  "Magic Pill | Init Exp:1 Ben:49 | Day 1 -> Exp:1 Ben:49",
  "Magic Pill | Init Exp:1 Ben:49 | Day 2 -> Exp:1 Ben:49",
  "Magic Pill | Init Exp:1 Ben:49 | Day 3 -> Exp:1 Ben:49",
  "Magic Pill | Init Exp:1 Ben:50 | Day 1 -> Exp:1 Ben:50",
  "Magic Pill | Init Exp:1 Ben:50 | Day 2 -> Exp:1 Ben:50",
  "Magic Pill | Init Exp:1 Ben:50 | Day 3 -> Exp:1 Ben:50",
  "Magic Pill | Init Exp:5 Ben:0 | Day 1 -> Exp:5 Ben:0",
  "Magic Pill | Init Exp:5 Ben:0 | Day 2 -> Exp:5 Ben:0",
  "Magic Pill | Init Exp:5 Ben:0 | Day 3 -> Exp:5 Ben:0",
  "Magic Pill | Init Exp:5 Ben:1 | Day 1 -> Exp:5 Ben:1",
  "Magic Pill | Init Exp:5 Ben:1 | Day 2 -> Exp:5 Ben:1",
  "Magic Pill | Init Exp:5 Ben:1 | Day 3 -> Exp:5 Ben:1",
  "Magic Pill | Init Exp:5 Ben:48 | Day 1 -> Exp:5 Ben:48",
  "Magic Pill | Init Exp:5 Ben:48 | Day 2 -> Exp:5 Ben:48",
  "Magic Pill | Init Exp:5 Ben:48 | Day 3 -> Exp:5 Ben:48",
  "Magic Pill | Init Exp:5 Ben:49 | Day 1 -> Exp:5 Ben:49",
  "Magic Pill | Init Exp:5 Ben:49 | Day 2 -> Exp:5 Ben:49",
  "Magic Pill | Init Exp:5 Ben:49 | Day 3 -> Exp:5 Ben:49",
  "Magic Pill | Init Exp:5 Ben:50 | Day 1 -> Exp:5 Ben:50",
  "Magic Pill | Init Exp:5 Ben:50 | Day 2 -> Exp:5 Ben:50",
  "Magic Pill | Init Exp:5 Ben:50 | Day 3 -> Exp:5 Ben:50",
  "Magic Pill | Init Exp:6 Ben:0 | Day 1 -> Exp:6 Ben:0",
  "Magic Pill | Init Exp:6 Ben:0 | Day 2 -> Exp:6 Ben:0",
  "Magic Pill | Init Exp:6 Ben:0 | Day 3 -> Exp:6 Ben:0",
  "Magic Pill | Init Exp:6 Ben:1 | Day 1 -> Exp:6 Ben:1",
  "Magic Pill | Init Exp:6 Ben:1 | Day 2 -> Exp:6 Ben:1",
  "Magic Pill | Init Exp:6 Ben:1 | Day 3 -> Exp:6 Ben:1",
  "Magic Pill | Init Exp:6 Ben:48 | Day 1 -> Exp:6 Ben:48",
  "Magic Pill | Init Exp:6 Ben:48 | Day 2 -> Exp:6 Ben:48",
  "Magic Pill | Init Exp:6 Ben:48 | Day 3 -> Exp:6 Ben:48",
  "Magic Pill | Init Exp:6 Ben:49 | Day 1 -> Exp:6 Ben:49",
  "Magic Pill | Init Exp:6 Ben:49 | Day 2 -> Exp:6 Ben:49",
  "Magic Pill | Init Exp:6 Ben:49 | Day 3 -> Exp:6 Ben:49",
  "Magic Pill | Init Exp:6 Ben:50 | Day 1 -> Exp:6 Ben:50",
  "Magic Pill | Init Exp:6 Ben:50 | Day 2 -> Exp:6 Ben:50",
  "Magic Pill | Init Exp:6 Ben:50 | Day 3 -> Exp:6 Ben:50",
  "Magic Pill | Init Exp:10 Ben:0 | Day 1 -> Exp:10 Ben:0",
  "Magic Pill | Init Exp:10 Ben:0 | Day 2 -> Exp:10 Ben:0",
  "Magic Pill | Init Exp:10 Ben:0 | Day 3 -> Exp:10 Ben:0",
  "Magic Pill | Init Exp:10 Ben:1 | Day 1 -> Exp:10 Ben:1",
  "Magic Pill | Init Exp:10 Ben:1 | Day 2 -> Exp:10 Ben:1",
  "Magic Pill | Init Exp:10 Ben:1 | Day 3 -> Exp:10 Ben:1",
  "Magic Pill | Init Exp:10 Ben:48 | Day 1 -> Exp:10 Ben:48",
  "Magic Pill | Init Exp:10 Ben:48 | Day 2 -> Exp:10 Ben:48",
  "Magic Pill | Init Exp:10 Ben:48 | Day 3 -> Exp:10 Ben:48",
  "Magic Pill | Init Exp:10 Ben:49 | Day 1 -> Exp:10 Ben:49",
  "Magic Pill | Init Exp:10 Ben:49 | Day 2 -> Exp:10 Ben:49",
  "Magic Pill | Init Exp:10 Ben:49 | Day 3 -> Exp:10 Ben:49",
  "Magic Pill | Init Exp:10 Ben:50 | Day 1 -> Exp:10 Ben:50",
  "Magic Pill | Init Exp:10 Ben:50 | Day 2 -> Exp:10 Ben:50",
  "Magic Pill | Init Exp:10 Ben:50 | Day 3 -> Exp:10 Ben:50",
  "Magic Pill | Init Exp:11 Ben:0 | Day 1 -> Exp:11 Ben:0",
  "Magic Pill | Init Exp:11 Ben:0 | Day 2 -> Exp:11 Ben:0",
  "Magic Pill | Init Exp:11 Ben:0 | Day 3 -> Exp:11 Ben:0",
  "Magic Pill | Init Exp:11 Ben:1 | Day 1 -> Exp:11 Ben:1",
  "Magic Pill | Init Exp:11 Ben:1 | Day 2 -> Exp:11 Ben:1",
  "Magic Pill | Init Exp:11 Ben:1 | Day 3 -> Exp:11 Ben:1",
  "Magic Pill | Init Exp:11 Ben:48 | Day 1 -> Exp:11 Ben:48",
  "Magic Pill | Init Exp:11 Ben:48 | Day 2 -> Exp:11 Ben:48",
  "Magic Pill | Init Exp:11 Ben:48 | Day 3 -> Exp:11 Ben:48",
  "Magic Pill | Init Exp:11 Ben:49 | Day 1 -> Exp:11 Ben:49",
  "Magic Pill | Init Exp:11 Ben:49 | Day 2 -> Exp:11 Ben:49",
  "Magic Pill | Init Exp:11 Ben:49 | Day 3 -> Exp:11 Ben:49",
  "Magic Pill | Init Exp:11 Ben:50 | Day 1 -> Exp:11 Ben:50",
  "Magic Pill | Init Exp:11 Ben:50 | Day 2 -> Exp:11 Ben:50",
  "Magic Pill | Init Exp:11 Ben:50 | Day 3 -> Exp:11 Ben:50",
  "Magic Pill | Init Exp:15 Ben:0 | Day 1 -> Exp:15 Ben:0",
  "Magic Pill | Init Exp:15 Ben:0 | Day 2 -> Exp:15 Ben:0",
  "Magic Pill | Init Exp:15 Ben:0 | Day 3 -> Exp:15 Ben:0",
  "Magic Pill | Init Exp:15 Ben:1 | Day 1 -> Exp:15 Ben:1",
  "Magic Pill | Init Exp:15 Ben:1 | Day 2 -> Exp:15 Ben:1",
  "Magic Pill | Init Exp:15 Ben:1 | Day 3 -> Exp:15 Ben:1",
  "Magic Pill | Init Exp:15 Ben:48 | Day 1 -> Exp:15 Ben:48",
  "Magic Pill | Init Exp:15 Ben:48 | Day 2 -> Exp:15 Ben:48",
  "Magic Pill | Init Exp:15 Ben:48 | Day 3 -> Exp:15 Ben:48",
  "Magic Pill | Init Exp:15 Ben:49 | Day 1 -> Exp:15 Ben:49",
  "Magic Pill | Init Exp:15 Ben:49 | Day 2 -> Exp:15 Ben:49",
  "Magic Pill | Init Exp:15 Ben:49 | Day 3 -> Exp:15 Ben:49",
  "Magic Pill | Init Exp:15 Ben:50 | Day 1 -> Exp:15 Ben:50",
  "Magic Pill | Init Exp:15 Ben:50 | Day 2 -> Exp:15 Ben:50",
  "Magic Pill | Init Exp:15 Ben:50 | Day 3 -> Exp:15 Ben:50",
  "Unknown Drug | Init Exp:-1 Ben:0 | Day 1 -> Exp:-2 Ben:0",
  "Unknown Drug | Init Exp:-1 Ben:0 | Day 2 -> Exp:-3 Ben:0",
  "Unknown Drug | Init Exp:-1 Ben:0 | Day 3 -> Exp:-4 Ben:0",
  "Unknown Drug | Init Exp:-1 Ben:1 | Day 1 -> Exp:-2 Ben:0",
  "Unknown Drug | Init Exp:-1 Ben:1 | Day 2 -> Exp:-3 Ben:0",
  "Unknown Drug | Init Exp:-1 Ben:1 | Day 3 -> Exp:-4 Ben:0",
  "Unknown Drug | Init Exp:-1 Ben:48 | Day 1 -> Exp:-2 Ben:46",
  "Unknown Drug | Init Exp:-1 Ben:48 | Day 2 -> Exp:-3 Ben:44",
  "Unknown Drug | Init Exp:-1 Ben:48 | Day 3 -> Exp:-4 Ben:42",
  "Unknown Drug | Init Exp:-1 Ben:49 | Day 1 -> Exp:-2 Ben:47",
  "Unknown Drug | Init Exp:-1 Ben:49 | Day 2 -> Exp:-3 Ben:45",
  "Unknown Drug | Init Exp:-1 Ben:49 | Day 3 -> Exp:-4 Ben:43",
  "Unknown Drug | Init Exp:-1 Ben:50 | Day 1 -> Exp:-2 Ben:48",
  "Unknown Drug | Init Exp:-1 Ben:50 | Day 2 -> Exp:-3 Ben:46",
  "Unknown Drug | Init Exp:-1 Ben:50 | Day 3 -> Exp:-4 Ben:44",
  "Unknown Drug | Init Exp:0 Ben:0 | Day 1 -> Exp:-1 Ben:0",
  "Unknown Drug | Init Exp:0 Ben:0 | Day 2 -> Exp:-2 Ben:0",
  "Unknown Drug | Init Exp:0 Ben:0 | Day 3 -> Exp:-3 Ben:0",
  "Unknown Drug | Init Exp:0 Ben:1 | Day 1 -> Exp:-1 Ben:0",
  "Unknown Drug | Init Exp:0 Ben:1 | Day 2 -> Exp:-2 Ben:0",
  "Unknown Drug | Init Exp:0 Ben:1 | Day 3 -> Exp:-3 Ben:0",
  "Unknown Drug | Init Exp:0 Ben:48 | Day 1 -> Exp:-1 Ben:46",
  "Unknown Drug | Init Exp:0 Ben:48 | Day 2 -> Exp:-2 Ben:44",
  "Unknown Drug | Init Exp:0 Ben:48 | Day 3 -> Exp:-3 Ben:42",
  "Unknown Drug | Init Exp:0 Ben:49 | Day 1 -> Exp:-1 Ben:47",
  "Unknown Drug | Init Exp:0 Ben:49 | Day 2 -> Exp:-2 Ben:45",
  "Unknown Drug | Init Exp:0 Ben:49 | Day 3 -> Exp:-3 Ben:43",
  "Unknown Drug | Init Exp:0 Ben:50 | Day 1 -> Exp:-1 Ben:48",
  "Unknown Drug | Init Exp:0 Ben:50 | Day 2 -> Exp:-2 Ben:46",
  "Unknown Drug | Init Exp:0 Ben:50 | Day 3 -> Exp:-3 Ben:44",
  "Unknown Drug | Init Exp:1 Ben:0 | Day 1 -> Exp:0 Ben:0",
  "Unknown Drug | Init Exp:1 Ben:0 | Day 2 -> Exp:-1 Ben:0",
  "Unknown Drug | Init Exp:1 Ben:0 | Day 3 -> Exp:-2 Ben:0",
  "Unknown Drug | Init Exp:1 Ben:1 | Day 1 -> Exp:0 Ben:0",
  "Unknown Drug | Init Exp:1 Ben:1 | Day 2 -> Exp:-1 Ben:0",
  "Unknown Drug | Init Exp:1 Ben:1 | Day 3 -> Exp:-2 Ben:0",
  "Unknown Drug | Init Exp:1 Ben:48 | Day 1 -> Exp:0 Ben:47",
  "Unknown Drug | Init Exp:1 Ben:48 | Day 2 -> Exp:-1 Ben:45",
  "Unknown Drug | Init Exp:1 Ben:48 | Day 3 -> Exp:-2 Ben:43",
  "Unknown Drug | Init Exp:1 Ben:49 | Day 1 -> Exp:0 Ben:48",
  "Unknown Drug | Init Exp:1 Ben:49 | Day 2 -> Exp:-1 Ben:46",
  "Unknown Drug | Init Exp:1 Ben:49 | Day 3 -> Exp:-2 Ben:44",
  "Unknown Drug | Init Exp:1 Ben:50 | Day 1 -> Exp:0 Ben:49",
  "Unknown Drug | Init Exp:1 Ben:50 | Day 2 -> Exp:-1 Ben:47",
  "Unknown Drug | Init Exp:1 Ben:50 | Day 3 -> Exp:-2 Ben:45",
  "Unknown Drug | Init Exp:5 Ben:0 | Day 1 -> Exp:4 Ben:0",
  "Unknown Drug | Init Exp:5 Ben:0 | Day 2 -> Exp:3 Ben:0",
  "Unknown Drug | Init Exp:5 Ben:0 | Day 3 -> Exp:2 Ben:0",
  "Unknown Drug | Init Exp:5 Ben:1 | Day 1 -> Exp:4 Ben:0",
  "Unknown Drug | Init Exp:5 Ben:1 | Day 2 -> Exp:3 Ben:0",
  "Unknown Drug | Init Exp:5 Ben:1 | Day 3 -> Exp:2 Ben:0",
  "Unknown Drug | Init Exp:5 Ben:48 | Day 1 -> Exp:4 Ben:47",
  "Unknown Drug | Init Exp:5 Ben:48 | Day 2 -> Exp:3 Ben:46",
  "Unknown Drug | Init Exp:5 Ben:48 | Day 3 -> Exp:2 Ben:45",
  "Unknown Drug | Init Exp:5 Ben:49 | Day 1 -> Exp:4 Ben:48",
  "Unknown Drug | Init Exp:5 Ben:49 | Day 2 -> Exp:3 Ben:47",
  "Unknown Drug | Init Exp:5 Ben:49 | Day 3 -> Exp:2 Ben:46",
  "Unknown Drug | Init Exp:5 Ben:50 | Day 1 -> Exp:4 Ben:49",
  "Unknown Drug | Init Exp:5 Ben:50 | Day 2 -> Exp:3 Ben:48",
  "Unknown Drug | Init Exp:5 Ben:50 | Day 3 -> Exp:2 Ben:47",
  "Unknown Drug | Init Exp:6 Ben:0 | Day 1 -> Exp:5 Ben:0",
  "Unknown Drug | Init Exp:6 Ben:0 | Day 2 -> Exp:4 Ben:0",
  "Unknown Drug | Init Exp:6 Ben:0 | Day 3 -> Exp:3 Ben:0",
  "Unknown Drug | Init Exp:6 Ben:1 | Day 1 -> Exp:5 Ben:0",
  "Unknown Drug | Init Exp:6 Ben:1 | Day 2 -> Exp:4 Ben:0",
  "Unknown Drug | Init Exp:6 Ben:1 | Day 3 -> Exp:3 Ben:0",
  "Unknown Drug | Init Exp:6 Ben:48 | Day 1 -> Exp:5 Ben:47",
  "Unknown Drug | Init Exp:6 Ben:48 | Day 2 -> Exp:4 Ben:46",
  "Unknown Drug | Init Exp:6 Ben:48 | Day 3 -> Exp:3 Ben:45",
  "Unknown Drug | Init Exp:6 Ben:49 | Day 1 -> Exp:5 Ben:48",
  "Unknown Drug | Init Exp:6 Ben:49 | Day 2 -> Exp:4 Ben:47",
  "Unknown Drug | Init Exp:6 Ben:49 | Day 3 -> Exp:3 Ben:46",
  "Unknown Drug | Init Exp:6 Ben:50 | Day 1 -> Exp:5 Ben:49",
  "Unknown Drug | Init Exp:6 Ben:50 | Day 2 -> Exp:4 Ben:48",
  "Unknown Drug | Init Exp:6 Ben:50 | Day 3 -> Exp:3 Ben:47",
  "Unknown Drug | Init Exp:10 Ben:0 | Day 1 -> Exp:9 Ben:0",
  "Unknown Drug | Init Exp:10 Ben:0 | Day 2 -> Exp:8 Ben:0",
  "Unknown Drug | Init Exp:10 Ben:0 | Day 3 -> Exp:7 Ben:0",
  "Unknown Drug | Init Exp:10 Ben:1 | Day 1 -> Exp:9 Ben:0",
  "Unknown Drug | Init Exp:10 Ben:1 | Day 2 -> Exp:8 Ben:0",
  "Unknown Drug | Init Exp:10 Ben:1 | Day 3 -> Exp:7 Ben:0",
  "Unknown Drug | Init Exp:10 Ben:48 | Day 1 -> Exp:9 Ben:47",
  "Unknown Drug | Init Exp:10 Ben:48 | Day 2 -> Exp:8 Ben:46",
  "Unknown Drug | Init Exp:10 Ben:48 | Day 3 -> Exp:7 Ben:45",
  "Unknown Drug | Init Exp:10 Ben:49 | Day 1 -> Exp:9 Ben:48",
  "Unknown Drug | Init Exp:10 Ben:49 | Day 2 -> Exp:8 Ben:47",
  "Unknown Drug | Init Exp:10 Ben:49 | Day 3 -> Exp:7 Ben:46",
  "Unknown Drug | Init Exp:10 Ben:50 | Day 1 -> Exp:9 Ben:49",
  "Unknown Drug | Init Exp:10 Ben:50 | Day 2 -> Exp:8 Ben:48",
  "Unknown Drug | Init Exp:10 Ben:50 | Day 3 -> Exp:7 Ben:47",
  "Unknown Drug | Init Exp:11 Ben:0 | Day 1 -> Exp:10 Ben:0",
  "Unknown Drug | Init Exp:11 Ben:0 | Day 2 -> Exp:9 Ben:0",
  "Unknown Drug | Init Exp:11 Ben:0 | Day 3 -> Exp:8 Ben:0",
  "Unknown Drug | Init Exp:11 Ben:1 | Day 1 -> Exp:10 Ben:0",
  "Unknown Drug | Init Exp:11 Ben:1 | Day 2 -> Exp:9 Ben:0",
  "Unknown Drug | Init Exp:11 Ben:1 | Day 3 -> Exp:8 Ben:0",
  "Unknown Drug | Init Exp:11 Ben:48 | Day 1 -> Exp:10 Ben:47",
  "Unknown Drug | Init Exp:11 Ben:48 | Day 2 -> Exp:9 Ben:46",
  "Unknown Drug | Init Exp:11 Ben:48 | Day 3 -> Exp:8 Ben:45",
  "Unknown Drug | Init Exp:11 Ben:49 | Day 1 -> Exp:10 Ben:48",
  "Unknown Drug | Init Exp:11 Ben:49 | Day 2 -> Exp:9 Ben:47",
  "Unknown Drug | Init Exp:11 Ben:49 | Day 3 -> Exp:8 Ben:46",
  "Unknown Drug | Init Exp:11 Ben:50 | Day 1 -> Exp:10 Ben:49",
  "Unknown Drug | Init Exp:11 Ben:50 | Day 2 -> Exp:9 Ben:48",
  "Unknown Drug | Init Exp:11 Ben:50 | Day 3 -> Exp:8 Ben:47",
  "Unknown Drug | Init Exp:15 Ben:0 | Day 1 -> Exp:14 Ben:0",
  "Unknown Drug | Init Exp:15 Ben:0 | Day 2 -> Exp:13 Ben:0",
  "Unknown Drug | Init Exp:15 Ben:0 | Day 3 -> Exp:12 Ben:0",
  "Unknown Drug | Init Exp:15 Ben:1 | Day 1 -> Exp:14 Ben:0",
  "Unknown Drug | Init Exp:15 Ben:1 | Day 2 -> Exp:13 Ben:0",
  "Unknown Drug | Init Exp:15 Ben:1 | Day 3 -> Exp:12 Ben:0",
  "Unknown Drug | Init Exp:15 Ben:48 | Day 1 -> Exp:14 Ben:47",
  "Unknown Drug | Init Exp:15 Ben:48 | Day 2 -> Exp:13 Ben:46",
  "Unknown Drug | Init Exp:15 Ben:48 | Day 3 -> Exp:12 Ben:45",
  "Unknown Drug | Init Exp:15 Ben:49 | Day 1 -> Exp:14 Ben:48",
  "Unknown Drug | Init Exp:15 Ben:49 | Day 2 -> Exp:13 Ben:47",
  "Unknown Drug | Init Exp:15 Ben:49 | Day 3 -> Exp:12 Ben:46",
  "Unknown Drug | Init Exp:15 Ben:50 | Day 1 -> Exp:14 Ben:49",
  "Unknown Drug | Init Exp:15 Ben:50 | Day 2 -> Exp:13 Ben:48",
  "Unknown Drug | Init Exp:15 Ben:50 | Day 3 -> Exp:12 Ben:47",
]
`;
